sweep: seed=4, n_repeats=5, 109 subjects x 6 experiments

experiment 0: subject 001: accuracy = 0.5111  (left fist vs right fist (executed))
experiment 0: subject 002: accuracy = 0.7333  (left fist vs right fist (executed))
experiment 0: subject 003: accuracy = 0.3333  (left fist vs right fist (executed))
experiment 0: subject 004: accuracy = 0.6000  (left fist vs right fist (executed))
experiment 0: subject 005: accuracy = 0.4444  (left fist vs right fist (executed))
experiment 0: subject 006: accuracy = 0.6444  (left fist vs right fist (executed))
experiment 0: subject 007: accuracy = 0.9111  (left fist vs right fist (executed))
experiment 0: subject 008: accuracy = 0.5333  (left fist vs right fist (executed))
experiment 0: subject 009: accuracy = 0.4000  (left fist vs right fist (executed))
experiment 0: subject 010: accuracy = 0.6222  (left fist vs right fist (executed))
experiment 0: subject 011: accuracy = 0.4444  (left fist vs right fist (executed))
experiment 0: subject 012: accuracy = 0.7778  (left fist vs right fist (executed))
experiment 0: subject 013: accuracy = 0.4889  (left fist vs right fist (executed))
experiment 0: subject 014: accuracy = 0.6000  (left fist vs right fist (executed))
experiment 0: subject 015: accuracy = 0.5556  (left fist vs right fist (executed))
experiment 0: subject 016: accuracy = 0.7111  (left fist vs right fist (executed))
experiment 0: subject 017: accuracy = 0.4889  (left fist vs right fist (executed))
experiment 0: subject 018: accuracy = 0.4222  (left fist vs right fist (executed))
experiment 0: subject 019: accuracy = 0.9111  (left fist vs right fist (executed))
experiment 0: subject 020: accuracy = 0.5556  (left fist vs right fist (executed))
experiment 0: subject 021: accuracy = 0.5111  (left fist vs right fist (executed))
experiment 0: subject 022: accuracy = 0.8889  (left fist vs right fist (executed))
experiment 0: subject 023: accuracy = 0.5333  (left fist vs right fist (executed))
experiment 0: subject 024: accuracy = 0.5111  (left fist vs right fist (executed))
experiment 0: subject 025: accuracy = 0.6222  (left fist vs right fist (executed))
experiment 0: subject 026: accuracy = 0.8444  (left fist vs right fist (executed))
experiment 0: subject 027: accuracy = 0.4889  (left fist vs right fist (executed))
experiment 0: subject 028: accuracy = 0.4000  (left fist vs right fist (executed))
experiment 0: subject 029: accuracy = 0.6667  (left fist vs right fist (executed))
experiment 0: subject 030: accuracy = 0.6000  (left fist vs right fist (executed))
experiment 0: subject 031: accuracy = 0.6667  (left fist vs right fist (executed))
experiment 0: subject 032: accuracy = 0.6222  (left fist vs right fist (executed))
experiment 0: subject 033: accuracy = 0.6889  (left fist vs right fist (executed))
experiment 0: subject 034: accuracy = 0.7111  (left fist vs right fist (executed))
experiment 0: subject 035: accuracy = 0.6444  (left fist vs right fist (executed))
experiment 0: subject 036: accuracy = 0.4444  (left fist vs right fist (executed))
experiment 0: subject 037: accuracy = 0.6444  (left fist vs right fist (executed))
experiment 0: subject 038: accuracy = 0.5333  (left fist vs right fist (executed))
experiment 0: subject 039: accuracy = 0.5333  (left fist vs right fist (executed))
experiment 0: subject 040: accuracy = 0.7556  (left fist vs right fist (executed))
experiment 0: subject 041: accuracy = 0.5778  (left fist vs right fist (executed))
experiment 0: subject 042: accuracy = 0.9556  (left fist vs right fist (executed))
experiment 0: subject 043: accuracy = 0.5778  (left fist vs right fist (executed))
experiment 0: subject 044: accuracy = 0.6889  (left fist vs right fist (executed))
experiment 0: subject 045: accuracy = 0.4222  (left fist vs right fist (executed))
experiment 0: subject 046: accuracy = 0.9111  (left fist vs right fist (executed))
experiment 0: subject 047: accuracy = 0.4000  (left fist vs right fist (executed))
experiment 0: subject 048: accuracy = 0.7556  (left fist vs right fist (executed))
experiment 0: subject 049: accuracy = 0.8444  (left fist vs right fist (executed))
experiment 0: subject 050: accuracy = 0.6000  (left fist vs right fist (executed))
experiment 0: subject 051: accuracy = 0.5556  (left fist vs right fist (executed))
experiment 0: subject 052: accuracy = 0.5333  (left fist vs right fist (executed))
experiment 0: subject 053: accuracy = 0.5333  (left fist vs right fist (executed))
experiment 0: subject 054: accuracy = 0.8444  (left fist vs right fist (executed))
experiment 0: subject 055: accuracy = 0.5556  (left fist vs right fist (executed))
experiment 0: subject 056: accuracy = 0.6889  (left fist vs right fist (executed))
experiment 0: subject 057: accuracy = 0.8444  (left fist vs right fist (executed))
experiment 0: subject 058: accuracy = 0.6222  (left fist vs right fist (executed))
experiment 0: subject 059: accuracy = 0.5778  (left fist vs right fist (executed))
experiment 0: subject 060: accuracy = 0.6000  (left fist vs right fist (executed))
experiment 0: subject 061: accuracy = 0.5778  (left fist vs right fist (executed))
experiment 0: subject 062: accuracy = 0.4667  (left fist vs right fist (executed))
experiment 0: subject 063: accuracy = 0.4444  (left fist vs right fist (executed))
experiment 0: subject 064: accuracy = 0.6889  (left fist vs right fist (executed))
experiment 0: subject 065: accuracy = 0.6000  (left fist vs right fist (executed))
experiment 0: subject 066: accuracy = 0.6444  (left fist vs right fist (executed))
experiment 0: subject 067: accuracy = 0.4667  (left fist vs right fist (executed))
experiment 0: subject 068: accuracy = 0.5778  (left fist vs right fist (executed))
experiment 0: subject 069: accuracy = 0.6000  (left fist vs right fist (executed))
experiment 0: subject 070: accuracy = 0.5111  (left fist vs right fist (executed))
experiment 0: subject 071: accuracy = 0.4889  (left fist vs right fist (executed))
experiment 0: subject 072: accuracy = 0.3778  (left fist vs right fist (executed))
experiment 0: subject 073: accuracy = 0.4667  (left fist vs right fist (executed))
experiment 0: subject 074: accuracy = 0.4444  (left fist vs right fist (executed))
experiment 0: subject 075: accuracy = 0.4667  (left fist vs right fist (executed))
experiment 0: subject 076: accuracy = 0.5778  (left fist vs right fist (executed))
experiment 0: subject 077: accuracy = 0.6444  (left fist vs right fist (executed))
experiment 0: subject 078: accuracy = 0.2889  (left fist vs right fist (executed))
experiment 0: subject 079: accuracy = 0.4222  (left fist vs right fist (executed))
experiment 0: subject 080: accuracy = 0.5778  (left fist vs right fist (executed))
experiment 0: subject 081: accuracy = 0.4889  (left fist vs right fist (executed))
experiment 0: subject 082: accuracy = 0.6000  (left fist vs right fist (executed))
experiment 0: subject 083: accuracy = 0.6444  (left fist vs right fist (executed))
experiment 0: subject 084: accuracy = 0.3556  (left fist vs right fist (executed))
experiment 0: subject 085: accuracy = 0.4444  (left fist vs right fist (executed))
experiment 0: subject 086: accuracy = 0.5333  (left fist vs right fist (executed))
experiment 0: subject 087: accuracy = 0.6444  (left fist vs right fist (executed))
experiment 0: subject 088: accuracy = 0.4833  (left fist vs right fist (executed))
experiment 0: subject 089: accuracy = 0.6000  (left fist vs right fist (executed))
experiment 0: subject 090: accuracy = 0.5778  (left fist vs right fist (executed))
experiment 0: subject 091: accuracy = 0.5556  (left fist vs right fist (executed))
experiment 0: subject 092: accuracy = 0.6000  (left fist vs right fist (executed))
experiment 0: subject 093: accuracy = 0.5111  (left fist vs right fist (executed))
experiment 0: subject 094: accuracy = 0.6889  (left fist vs right fist (executed))
experiment 0: subject 095: accuracy = 0.4000  (left fist vs right fist (executed))
experiment 0: subject 096: accuracy = 0.4889  (left fist vs right fist (executed))
experiment 0: subject 097: accuracy = 0.6222  (left fist vs right fist (executed))
experiment 0: subject 098: accuracy = 0.3556  (left fist vs right fist (executed))
experiment 0: subject 099: accuracy = 0.5333  (left fist vs right fist (executed))
experiment 0: subject 100: accuracy = 0.4500  (left fist vs right fist (executed))
experiment 0: subject 101: accuracy = 0.5111  (left fist vs right fist (executed))
experiment 0: subject 102: accuracy = 0.5556  (left fist vs right fist (executed))
experiment 0: subject 103: accuracy = 0.6000  (left fist vs right fist (executed))
experiment 0: subject 104: accuracy = 0.5556  (left fist vs right fist (executed))
experiment 0: subject 105: accuracy = 0.5778  (left fist vs right fist (executed))
experiment 0: subject 106: accuracy = 0.5556  (left fist vs right fist (executed))
experiment 0: subject 107: accuracy = 0.6667  (left fist vs right fist (executed))
experiment 0: subject 108: accuracy = 0.5778  (left fist vs right fist (executed))
experiment 0: subject 109: accuracy = 0.5556  (left fist vs right fist (executed))
experiment 1: subject 001: accuracy = 0.6667  (left fist vs right fist (imagined))
experiment 1: subject 002: accuracy = 0.7111  (left fist vs right fist (imagined))
experiment 1: subject 003: accuracy = 0.5778  (left fist vs right fist (imagined))
experiment 1: subject 004: accuracy = 0.4889  (left fist vs right fist (imagined))
experiment 1: subject 005: accuracy = 0.5556  (left fist vs right fist (imagined))
experiment 1: subject 006: accuracy = 0.4667  (left fist vs right fist (imagined))
experiment 1: subject 007: accuracy = 1.0000  (left fist vs right fist (imagined))
experiment 1: subject 008: accuracy = 0.5333  (left fist vs right fist (imagined))
experiment 1: subject 009: accuracy = 0.2667  (left fist vs right fist (imagined))
experiment 1: subject 010: accuracy = 0.4667  (left fist vs right fist (imagined))
experiment 1: subject 011: accuracy = 0.5556  (left fist vs right fist (imagined))
experiment 1: subject 012: accuracy = 0.4667  (left fist vs right fist (imagined))
experiment 1: subject 013: accuracy = 0.5333  (left fist vs right fist (imagined))
experiment 1: subject 014: accuracy = 0.5778  (left fist vs right fist (imagined))
experiment 1: subject 015: accuracy = 0.6889  (left fist vs right fist (imagined))
experiment 1: subject 016: accuracy = 0.5778  (left fist vs right fist (imagined))
experiment 1: subject 017: accuracy = 0.6222  (left fist vs right fist (imagined))
experiment 1: subject 018: accuracy = 0.5556  (left fist vs right fist (imagined))
experiment 1: subject 019: accuracy = 0.7111  (left fist vs right fist (imagined))
experiment 1: subject 020: accuracy = 0.5333  (left fist vs right fist (imagined))
experiment 1: subject 021: accuracy = 0.5778  (left fist vs right fist (imagined))
experiment 1: subject 022: accuracy = 0.4444  (left fist vs right fist (imagined))
experiment 1: subject 023: accuracy = 0.3556  (left fist vs right fist (imagined))
experiment 1: subject 024: accuracy = 0.5556  (left fist vs right fist (imagined))
experiment 1: subject 025: accuracy = 0.4000  (left fist vs right fist (imagined))
experiment 1: subject 026: accuracy = 0.8000  (left fist vs right fist (imagined))
experiment 1: subject 027: accuracy = 0.4889  (left fist vs right fist (imagined))
experiment 1: subject 028: accuracy = 0.6000  (left fist vs right fist (imagined))
experiment 1: subject 029: accuracy = 0.9556  (left fist vs right fist (imagined))
experiment 1: subject 030: accuracy = 0.5333  (left fist vs right fist (imagined))
experiment 1: subject 031: accuracy = 0.7778  (left fist vs right fist (imagined))
experiment 1: subject 032: accuracy = 0.6889  (left fist vs right fist (imagined))
experiment 1: subject 033: accuracy = 0.6667  (left fist vs right fist (imagined))
experiment 1: subject 034: accuracy = 0.6000  (left fist vs right fist (imagined))
experiment 1: subject 035: accuracy = 0.7333  (left fist vs right fist (imagined))
experiment 1: subject 036: accuracy = 0.4000  (left fist vs right fist (imagined))
experiment 1: subject 037: accuracy = 0.5333  (left fist vs right fist (imagined))
experiment 1: subject 038: accuracy = 0.4889  (left fist vs right fist (imagined))
experiment 1: subject 039: accuracy = 0.5333  (left fist vs right fist (imagined))
experiment 1: subject 040: accuracy = 0.5111  (left fist vs right fist (imagined))
experiment 1: subject 041: accuracy = 0.4889  (left fist vs right fist (imagined))
experiment 1: subject 042: accuracy = 0.7778  (left fist vs right fist (imagined))
experiment 1: subject 043: accuracy = 0.6444  (left fist vs right fist (imagined))
experiment 1: subject 044: accuracy = 0.5556  (left fist vs right fist (imagined))
experiment 1: subject 045: accuracy = 0.4444  (left fist vs right fist (imagined))
experiment 1: subject 046: accuracy = 0.4889  (left fist vs right fist (imagined))
experiment 1: subject 047: accuracy = 0.4222  (left fist vs right fist (imagined))
experiment 1: subject 048: accuracy = 0.5333  (left fist vs right fist (imagined))
experiment 1: subject 049: accuracy = 0.8222  (left fist vs right fist (imagined))
experiment 1: subject 050: accuracy = 0.4889  (left fist vs right fist (imagined))
experiment 1: subject 051: accuracy = 0.5556  (left fist vs right fist (imagined))
experiment 1: subject 052: accuracy = 0.5778  (left fist vs right fist (imagined))
experiment 1: subject 053: accuracy = 0.8444  (left fist vs right fist (imagined))
experiment 1: subject 054: accuracy = 0.7556  (left fist vs right fist (imagined))
experiment 1: subject 055: accuracy = 0.7111  (left fist vs right fist (imagined))
experiment 1: subject 056: accuracy = 0.8889  (left fist vs right fist (imagined))
experiment 1: subject 057: accuracy = 0.3556  (left fist vs right fist (imagined))
experiment 1: subject 058: accuracy = 0.5333  (left fist vs right fist (imagined))
experiment 1: subject 059: accuracy = 0.5111  (left fist vs right fist (imagined))
experiment 1: subject 060: accuracy = 0.8000  (left fist vs right fist (imagined))
experiment 1: subject 061: accuracy = 0.5778  (left fist vs right fist (imagined))
experiment 1: subject 062: accuracy = 0.8667  (left fist vs right fist (imagined))
experiment 1: subject 063: accuracy = 0.5111  (left fist vs right fist (imagined))
experiment 1: subject 064: accuracy = 0.6667  (left fist vs right fist (imagined))
experiment 1: subject 065: accuracy = 0.4889  (left fist vs right fist (imagined))
experiment 1: subject 066: accuracy = 0.5778  (left fist vs right fist (imagined))
experiment 1: subject 067: accuracy = 0.4889  (left fist vs right fist (imagined))
experiment 1: subject 068: accuracy = 0.3333  (left fist vs right fist (imagined))
experiment 1: subject 069: accuracy = 0.4444  (left fist vs right fist (imagined))
experiment 1: subject 070: accuracy = 0.5778  (left fist vs right fist (imagined))
experiment 1: subject 071: accuracy = 0.7111  (left fist vs right fist (imagined))
experiment 1: subject 072: accuracy = 0.7556  (left fist vs right fist (imagined))
experiment 1: subject 073: accuracy = 0.4889  (left fist vs right fist (imagined))
experiment 1: subject 074: accuracy = 0.4889  (left fist vs right fist (imagined))
experiment 1: subject 075: accuracy = 0.5556  (left fist vs right fist (imagined))
experiment 1: subject 076: accuracy = 0.4667  (left fist vs right fist (imagined))
experiment 1: subject 077: accuracy = 0.5333  (left fist vs right fist (imagined))
experiment 1: subject 078: accuracy = 0.3556  (left fist vs right fist (imagined))
experiment 1: subject 079: accuracy = 0.5778  (left fist vs right fist (imagined))
experiment 1: subject 080: accuracy = 0.4667  (left fist vs right fist (imagined))
experiment 1: subject 081: accuracy = 0.4667  (left fist vs right fist (imagined))
experiment 1: subject 082: accuracy = 0.4889  (left fist vs right fist (imagined))
experiment 1: subject 083: accuracy = 0.5556  (left fist vs right fist (imagined))
experiment 1: subject 084: accuracy = 0.6222  (left fist vs right fist (imagined))
experiment 1: subject 085: accuracy = 0.7333  (left fist vs right fist (imagined))
experiment 1: subject 086: accuracy = 0.5778  (left fist vs right fist (imagined))
experiment 1: subject 087: accuracy = 0.5333  (left fist vs right fist (imagined))
experiment 1: subject 088: accuracy = 0.4500  (left fist vs right fist (imagined))
experiment 1: subject 089: accuracy = 0.4444  (left fist vs right fist (imagined))
experiment 1: subject 090: accuracy = 0.4667  (left fist vs right fist (imagined))
experiment 1: subject 091: accuracy = 0.3556  (left fist vs right fist (imagined))
experiment 1: subject 092: accuracy = 0.6667  (left fist vs right fist (imagined))
experiment 1: subject 093: accuracy = 0.8222  (left fist vs right fist (imagined))
experiment 1: subject 094: accuracy = 0.7778  (left fist vs right fist (imagined))
experiment 1: subject 095: accuracy = 0.3556  (left fist vs right fist (imagined))
experiment 1: subject 096: accuracy = 0.5556  (left fist vs right fist (imagined))
experiment 1: subject 097: accuracy = 0.4667  (left fist vs right fist (imagined))
experiment 1: subject 098: accuracy = 0.6667  (left fist vs right fist (imagined))
experiment 1: subject 099: accuracy = 0.5778  (left fist vs right fist (imagined))
experiment 1: subject 100: accuracy = 0.5750  (left fist vs right fist (imagined))
experiment 1: subject 101: accuracy = 0.5333  (left fist vs right fist (imagined))
experiment 1: subject 102: accuracy = 0.6000  (left fist vs right fist (imagined))
experiment 1: subject 103: accuracy = 0.5556  (left fist vs right fist (imagined))
experiment 1: subject 104: accuracy = 0.6889  (left fist vs right fist (imagined))
experiment 1: subject 105: accuracy = 0.6444  (left fist vs right fist (imagined))
experiment 1: subject 106: accuracy = 0.4667  (left fist vs right fist (imagined))
experiment 1: subject 107: accuracy = 0.3778  (left fist vs right fist (imagined))
experiment 1: subject 108: accuracy = 0.6667  (left fist vs right fist (imagined))
experiment 1: subject 109: accuracy = 0.4222  (left fist vs right fist (imagined))
experiment 2: subject 001: accuracy = 0.9556  (both fists vs both feet (executed))
experiment 2: subject 002: accuracy = 1.0000  (both fists vs both feet (executed))
experiment 2: subject 003: accuracy = 0.7556  (both fists vs both feet (executed))
experiment 2: subject 004: accuracy = 0.8889  (both fists vs both feet (executed))
experiment 2: subject 005: accuracy = 0.7556  (both fists vs both feet (executed))
experiment 2: subject 006: accuracy = 0.4889  (both fists vs both feet (executed))
experiment 2: subject 007: accuracy = 1.0000  (both fists vs both feet (executed))
experiment 2: subject 008: accuracy = 0.6000  (both fists vs both feet (executed))
experiment 2: subject 009: accuracy = 0.6889  (both fists vs both feet (executed))
experiment 2: subject 010: accuracy = 0.8889  (both fists vs both feet (executed))
experiment 2: subject 011: accuracy = 0.8222  (both fists vs both feet (executed))
experiment 2: subject 012: accuracy = 0.8000  (both fists vs both feet (executed))
experiment 2: subject 013: accuracy = 0.9333  (both fists vs both feet (executed))
experiment 2: subject 014: accuracy = 0.9556  (both fists vs both feet (executed))
experiment 2: subject 015: accuracy = 0.7333  (both fists vs both feet (executed))
experiment 2: subject 016: accuracy = 0.8667  (both fists vs both feet (executed))
experiment 2: subject 017: accuracy = 0.4889  (both fists vs both feet (executed))
experiment 2: subject 018: accuracy = 0.7111  (both fists vs both feet (executed))
experiment 2: subject 019: accuracy = 0.9778  (both fists vs both feet (executed))
experiment 2: subject 020: accuracy = 0.6222  (both fists vs both feet (executed))
experiment 2: subject 021: accuracy = 0.7556  (both fists vs both feet (executed))
experiment 2: subject 022: accuracy = 0.8889  (both fists vs both feet (executed))
experiment 2: subject 023: accuracy = 0.3778  (both fists vs both feet (executed))
experiment 2: subject 024: accuracy = 0.8667  (both fists vs both feet (executed))
experiment 2: subject 025: accuracy = 0.8889  (both fists vs both feet (executed))
experiment 2: subject 026: accuracy = 0.7556  (both fists vs both feet (executed))
experiment 2: subject 027: accuracy = 0.8889  (both fists vs both feet (executed))
experiment 2: subject 028: accuracy = 0.8444  (both fists vs both feet (executed))
experiment 2: subject 029: accuracy = 1.0000  (both fists vs both feet (executed))
experiment 2: subject 030: accuracy = 0.4222  (both fists vs both feet (executed))
experiment 2: subject 031: accuracy = 0.7333  (both fists vs both feet (executed))
experiment 2: subject 032: accuracy = 0.7556  (both fists vs both feet (executed))
experiment 2: subject 033: accuracy = 0.7556  (both fists vs both feet (executed))
experiment 2: subject 034: accuracy = 0.8444  (both fists vs both feet (executed))
experiment 2: subject 035: accuracy = 0.9333  (both fists vs both feet (executed))
experiment 2: subject 036: accuracy = 0.8000  (both fists vs both feet (executed))
experiment 2: subject 037: accuracy = 0.4667  (both fists vs both feet (executed))
experiment 2: subject 038: accuracy = 0.7556  (both fists vs both feet (executed))
experiment 2: subject 039: accuracy = 0.5111  (both fists vs both feet (executed))
experiment 2: subject 040: accuracy = 0.3333  (both fists vs both feet (executed))
experiment 2: subject 041: accuracy = 0.8000  (both fists vs both feet (executed))
experiment 2: subject 042: accuracy = 0.9778  (both fists vs both feet (executed))
experiment 2: subject 043: accuracy = 0.7333  (both fists vs both feet (executed))
experiment 2: subject 044: accuracy = 0.6222  (both fists vs both feet (executed))
experiment 2: subject 045: accuracy = 0.6000  (both fists vs both feet (executed))
experiment 2: subject 046: accuracy = 0.9556  (both fists vs both feet (executed))
experiment 2: subject 047: accuracy = 0.6000  (both fists vs both feet (executed))
experiment 2: subject 048: accuracy = 0.6889  (both fists vs both feet (executed))
experiment 2: subject 049: accuracy = 0.9111  (both fists vs both feet (executed))
experiment 2: subject 050: accuracy = 0.7556  (both fists vs both feet (executed))
experiment 2: subject 051: accuracy = 0.5556  (both fists vs both feet (executed))
experiment 2: subject 052: accuracy = 0.8000  (both fists vs both feet (executed))
experiment 2: subject 053: accuracy = 0.5556  (both fists vs both feet (executed))
experiment 2: subject 054: accuracy = 0.7333  (both fists vs both feet (executed))
experiment 2: subject 055: accuracy = 0.9556  (both fists vs both feet (executed))
experiment 2: subject 056: accuracy = 0.7778  (both fists vs both feet (executed))
experiment 2: subject 057: accuracy = 0.7556  (both fists vs both feet (executed))
experiment 2: subject 058: accuracy = 0.7111  (both fists vs both feet (executed))
experiment 2: subject 059: accuracy = 0.5111  (both fists vs both feet (executed))
experiment 2: subject 060: accuracy = 0.8000  (both fists vs both feet (executed))
experiment 2: subject 061: accuracy = 0.6667  (both fists vs both feet (executed))
experiment 2: subject 062: accuracy = 0.9556  (both fists vs both feet (executed))
experiment 2: subject 063: accuracy = 0.5556  (both fists vs both feet (executed))
experiment 2: subject 064: accuracy = 0.6444  (both fists vs both feet (executed))
experiment 2: subject 065: accuracy = 0.5778  (both fists vs both feet (executed))
experiment 2: subject 066: accuracy = 0.7778  (both fists vs both feet (executed))
experiment 2: subject 067: accuracy = 0.5556  (both fists vs both feet (executed))
experiment 2: subject 068: accuracy = 0.8222  (both fists vs both feet (executed))
experiment 2: subject 069: accuracy = 0.5111  (both fists vs both feet (executed))
experiment 2: subject 070: accuracy = 0.8889  (both fists vs both feet (executed))
experiment 2: subject 071: accuracy = 0.9111  (both fists vs both feet (executed))
experiment 2: subject 072: accuracy = 1.0000  (both fists vs both feet (executed))
experiment 2: subject 073: accuracy = 0.6889  (both fists vs both feet (executed))
experiment 2: subject 074: accuracy = 0.7111  (both fists vs both feet (executed))
experiment 2: subject 075: accuracy = 0.6444  (both fists vs both feet (executed))
experiment 2: subject 076: accuracy = 0.4667  (both fists vs both feet (executed))
experiment 2: subject 077: accuracy = 1.0000  (both fists vs both feet (executed))
experiment 2: subject 078: accuracy = 0.6667  (both fists vs both feet (executed))
experiment 2: subject 079: accuracy = 0.8667  (both fists vs both feet (executed))
experiment 2: subject 080: accuracy = 0.3556  (both fists vs both feet (executed))
experiment 2: subject 081: accuracy = 0.7111  (both fists vs both feet (executed))
experiment 2: subject 082: accuracy = 0.7111  (both fists vs both feet (executed))
experiment 2: subject 083: accuracy = 0.9556  (both fists vs both feet (executed))
experiment 2: subject 084: accuracy = 0.6444  (both fists vs both feet (executed))
experiment 2: subject 085: accuracy = 0.9778  (both fists vs both feet (executed))
experiment 2: subject 086: accuracy = 0.7778  (both fists vs both feet (executed))
experiment 2: subject 087: accuracy = 0.7333  (both fists vs both feet (executed))
experiment 2: subject 088: accuracy = 0.6500  (both fists vs both feet (executed))
experiment 2: subject 089: accuracy = 0.6222  (both fists vs both feet (executed))
experiment 2: subject 090: accuracy = 0.4667  (both fists vs both feet (executed))
experiment 2: subject 091: accuracy = 0.6222  (both fists vs both feet (executed))
experiment 2: subject 092: accuracy = 0.6000  (both fists vs both feet (executed))
experiment 2: subject 093: accuracy = 0.8889  (both fists vs both feet (executed))
experiment 2: subject 094: accuracy = 1.0000  (both fists vs both feet (executed))
experiment 2: subject 095: accuracy = 0.5778  (both fists vs both feet (executed))
experiment 2: subject 096: accuracy = 0.4889  (both fists vs both feet (executed))
experiment 2: subject 097: accuracy = 0.4222  (both fists vs both feet (executed))
experiment 2: subject 098: accuracy = 0.5556  (both fists vs both feet (executed))
experiment 2: subject 099: accuracy = 0.7778  (both fists vs both feet (executed))
experiment 2: subject 100: accuracy = 0.8500  (both fists vs both feet (executed))
experiment 2: subject 101: accuracy = 0.5333  (both fists vs both feet (executed))
experiment 2: subject 102: accuracy = 0.8000  (both fists vs both feet (executed))
experiment 2: subject 103: accuracy = 0.9111  (both fists vs both feet (executed))
experiment 2: subject 104: accuracy = 0.7333  (both fists vs both feet (executed))
experiment 2: subject 105: accuracy = 1.0000  (both fists vs both feet (executed))
experiment 2: subject 106: accuracy = 0.5143  (both fists vs both feet (executed))
experiment 2: subject 107: accuracy = 0.5778  (both fists vs both feet (executed))
experiment 2: subject 108: accuracy = 0.7111  (both fists vs both feet (executed))
experiment 2: subject 109: accuracy = 0.8667  (both fists vs both feet (executed))
experiment 3: subject 001: accuracy = 1.0000  (both fists vs both feet (imagined))
experiment 3: subject 002: accuracy = 0.8444  (both fists vs both feet (imagined))
experiment 3: subject 003: accuracy = 0.4667  (both fists vs both feet (imagined))
experiment 3: subject 004: accuracy = 0.4889  (both fists vs both feet (imagined))
experiment 3: subject 005: accuracy = 0.6444  (both fists vs both feet (imagined))
experiment 3: subject 006: accuracy = 0.6667  (both fists vs both feet (imagined))
experiment 3: subject 007: accuracy = 0.8889  (both fists vs both feet (imagined))
experiment 3: subject 008: accuracy = 0.6444  (both fists vs both feet (imagined))
experiment 3: subject 009: accuracy = 0.3556  (both fists vs both feet (imagined))
experiment 3: subject 010: accuracy = 0.5333  (both fists vs both feet (imagined))
experiment 3: subject 011: accuracy = 0.4667  (both fists vs both feet (imagined))
experiment 3: subject 012: accuracy = 0.8222  (both fists vs both feet (imagined))
experiment 3: subject 013: accuracy = 0.7778  (both fists vs both feet (imagined))
experiment 3: subject 014: accuracy = 0.6000  (both fists vs both feet (imagined))
experiment 3: subject 015: accuracy = 0.8444  (both fists vs both feet (imagined))
experiment 3: subject 016: accuracy = 0.5556  (both fists vs both feet (imagined))
experiment 3: subject 017: accuracy = 0.6444  (both fists vs both feet (imagined))
experiment 3: subject 018: accuracy = 0.4889  (both fists vs both feet (imagined))
experiment 3: subject 019: accuracy = 0.6222  (both fists vs both feet (imagined))
experiment 3: subject 020: accuracy = 0.6000  (both fists vs both feet (imagined))
experiment 3: subject 021: accuracy = 0.3556  (both fists vs both feet (imagined))
experiment 3: subject 022: accuracy = 0.5556  (both fists vs both feet (imagined))
experiment 3: subject 023: accuracy = 0.6000  (both fists vs both feet (imagined))
experiment 3: subject 024: accuracy = 0.6667  (both fists vs both feet (imagined))
experiment 3: subject 025: accuracy = 0.9111  (both fists vs both feet (imagined))
experiment 3: subject 026: accuracy = 0.4889  (both fists vs both feet (imagined))
experiment 3: subject 027: accuracy = 0.6222  (both fists vs both feet (imagined))
experiment 3: subject 028: accuracy = 0.5778  (both fists vs both feet (imagined))
experiment 3: subject 029: accuracy = 1.0000  (both fists vs both feet (imagined))
experiment 3: subject 030: accuracy = 0.6444  (both fists vs both feet (imagined))
experiment 3: subject 031: accuracy = 0.6889  (both fists vs both feet (imagined))
experiment 3: subject 032: accuracy = 0.4222  (both fists vs both feet (imagined))
experiment 3: subject 033: accuracy = 0.7778  (both fists vs both feet (imagined))
experiment 3: subject 034: accuracy = 0.9111  (both fists vs both feet (imagined))
experiment 3: subject 035: accuracy = 0.9333  (both fists vs both feet (imagined))
experiment 3: subject 036: accuracy = 0.5556  (both fists vs both feet (imagined))
experiment 3: subject 037: accuracy = 0.6889  (both fists vs both feet (imagined))
experiment 3: subject 038: accuracy = 0.5778  (both fists vs both feet (imagined))
experiment 3: subject 039: accuracy = 0.4000  (both fists vs both feet (imagined))
experiment 3: subject 040: accuracy = 0.5111  (both fists vs both feet (imagined))
experiment 3: subject 041: accuracy = 0.3778  (both fists vs both feet (imagined))
experiment 3: subject 042: accuracy = 0.9778  (both fists vs both feet (imagined))
experiment 3: subject 043: accuracy = 0.7333  (both fists vs both feet (imagined))
experiment 3: subject 044: accuracy = 0.5778  (both fists vs both feet (imagined))
experiment 3: subject 045: accuracy = 0.3556  (both fists vs both feet (imagined))
experiment 3: subject 046: accuracy = 0.6222  (both fists vs both feet (imagined))
experiment 3: subject 047: accuracy = 0.6000  (both fists vs both feet (imagined))
experiment 3: subject 048: accuracy = 0.8222  (both fists vs both feet (imagined))
experiment 3: subject 049: accuracy = 0.6444  (both fists vs both feet (imagined))
experiment 3: subject 050: accuracy = 0.7556  (both fists vs both feet (imagined))
experiment 3: subject 051: accuracy = 0.6444  (both fists vs both feet (imagined))
experiment 3: subject 052: accuracy = 0.7556  (both fists vs both feet (imagined))
experiment 3: subject 053: accuracy = 0.6000  (both fists vs both feet (imagined))
experiment 3: subject 054: accuracy = 0.8444  (both fists vs both feet (imagined))
experiment 3: subject 055: accuracy = 0.9778  (both fists vs both feet (imagined))
experiment 3: subject 056: accuracy = 0.7333  (both fists vs both feet (imagined))
experiment 3: subject 057: accuracy = 0.5333  (both fists vs both feet (imagined))
experiment 3: subject 058: accuracy = 0.7333  (both fists vs both feet (imagined))
experiment 3: subject 059: accuracy = 0.6000  (both fists vs both feet (imagined))
experiment 3: subject 060: accuracy = 0.8222  (both fists vs both feet (imagined))
experiment 3: subject 061: accuracy = 0.6222  (both fists vs both feet (imagined))
experiment 3: subject 062: accuracy = 0.9778  (both fists vs both feet (imagined))
experiment 3: subject 063: accuracy = 0.4444  (both fists vs both feet (imagined))
experiment 3: subject 064: accuracy = 0.5111  (both fists vs both feet (imagined))
experiment 3: subject 065: accuracy = 0.6667  (both fists vs both feet (imagined))
experiment 3: subject 066: accuracy = 0.6222  (both fists vs both feet (imagined))
experiment 3: subject 067: accuracy = 0.4222  (both fists vs both feet (imagined))
experiment 3: subject 068: accuracy = 0.6667  (both fists vs both feet (imagined))
experiment 3: subject 069: accuracy = 0.3778  (both fists vs both feet (imagined))
experiment 3: subject 070: accuracy = 0.9333  (both fists vs both feet (imagined))
experiment 3: subject 071: accuracy = 0.8889  (both fists vs both feet (imagined))
experiment 3: subject 072: accuracy = 0.9556  (both fists vs both feet (imagined))
experiment 3: subject 073: accuracy = 0.6889  (both fists vs both feet (imagined))
experiment 3: subject 074: accuracy = 0.5556  (both fists vs both feet (imagined))
experiment 3: subject 075: accuracy = 0.8222  (both fists vs both feet (imagined))
experiment 3: subject 076: accuracy = 0.3778  (both fists vs both feet (imagined))
experiment 3: subject 077: accuracy = 0.5556  (both fists vs both feet (imagined))
experiment 3: subject 078: accuracy = 0.4667  (both fists vs both feet (imagined))
experiment 3: subject 079: accuracy = 0.4222  (both fists vs both feet (imagined))
experiment 3: subject 080: accuracy = 0.6444  (both fists vs both feet (imagined))
experiment 3: subject 081: accuracy = 0.5333  (both fists vs both feet (imagined))
experiment 3: subject 082: accuracy = 0.5556  (both fists vs both feet (imagined))
experiment 3: subject 083: accuracy = 0.8000  (both fists vs both feet (imagined))
experiment 3: subject 084: accuracy = 0.5111  (both fists vs both feet (imagined))
experiment 3: subject 085: accuracy = 0.9333  (both fists vs both feet (imagined))
experiment 3: subject 086: accuracy = 0.8667  (both fists vs both feet (imagined))
experiment 3: subject 087: accuracy = 0.6444  (both fists vs both feet (imagined))
experiment 3: subject 088: accuracy = 0.5667  (both fists vs both feet (imagined))
experiment 3: subject 089: accuracy = 0.5333  (both fists vs both feet (imagined))
experiment 3: subject 090: accuracy = 0.4444  (both fists vs both feet (imagined))
experiment 3: subject 091: accuracy = 0.6889  (both fists vs both feet (imagined))
experiment 3: subject 092: accuracy = 0.6500  (both fists vs both feet (imagined))
experiment 3: subject 093: accuracy = 0.9778  (both fists vs both feet (imagined))
experiment 3: subject 094: accuracy = 0.6444  (both fists vs both feet (imagined))
experiment 3: subject 095: accuracy = 0.6889  (both fists vs both feet (imagined))
experiment 3: subject 096: accuracy = 0.4000  (both fists vs both feet (imagined))
experiment 3: subject 097: accuracy = 0.4222  (both fists vs both feet (imagined))
experiment 3: subject 098: accuracy = 0.7556  (both fists vs both feet (imagined))
experiment 3: subject 099: accuracy = 0.4889  (both fists vs both feet (imagined))
experiment 3: subject 100: accuracy = 0.7250  (both fists vs both feet (imagined))
experiment 3: subject 101: accuracy = 0.4000  (both fists vs both feet (imagined))
experiment 3: subject 102: accuracy = 0.5111  (both fists vs both feet (imagined))
experiment 3: subject 103: accuracy = 0.6889  (both fists vs both feet (imagined))
experiment 3: subject 104: accuracy = 0.5333  (both fists vs both feet (imagined))
experiment 3: subject 105: accuracy = 0.6667  (both fists vs both feet (imagined))
experiment 3: subject 106: accuracy = 0.6444  (both fists vs both feet (imagined))
experiment 3: subject 107: accuracy = 0.5111  (both fists vs both feet (imagined))
experiment 3: subject 108: accuracy = 0.5556  (both fists vs both feet (imagined))
experiment 3: subject 109: accuracy = 0.5111  (both fists vs both feet (imagined))
experiment 4: subject 001: accuracy = 0.6889  (left fist vs right fist (pooled))
experiment 4: subject 002: accuracy = 0.7556  (left fist vs right fist (pooled))
experiment 4: subject 003: accuracy = 0.5778  (left fist vs right fist (pooled))
experiment 4: subject 004: accuracy = 0.4222  (left fist vs right fist (pooled))
experiment 4: subject 005: accuracy = 0.4889  (left fist vs right fist (pooled))
experiment 4: subject 006: accuracy = 0.4889  (left fist vs right fist (pooled))
experiment 4: subject 007: accuracy = 0.9333  (left fist vs right fist (pooled))
experiment 4: subject 008: accuracy = 0.5111  (left fist vs right fist (pooled))
experiment 4: subject 009: accuracy = 0.5556  (left fist vs right fist (pooled))
experiment 4: subject 010: accuracy = 0.7111  (left fist vs right fist (pooled))
experiment 4: subject 011: accuracy = 0.4111  (left fist vs right fist (pooled))
experiment 4: subject 012: accuracy = 0.4889  (left fist vs right fist (pooled))
experiment 4: subject 013: accuracy = 0.6667  (left fist vs right fist (pooled))
experiment 4: subject 014: accuracy = 0.7111  (left fist vs right fist (pooled))
experiment 4: subject 015: accuracy = 0.5889  (left fist vs right fist (pooled))
experiment 4: subject 016: accuracy = 0.5111  (left fist vs right fist (pooled))
experiment 4: subject 017: accuracy = 0.3889  (left fist vs right fist (pooled))
experiment 4: subject 018: accuracy = 0.4778  (left fist vs right fist (pooled))
experiment 4: subject 019: accuracy = 0.7667  (left fist vs right fist (pooled))
experiment 4: subject 020: accuracy = 0.5444  (left fist vs right fist (pooled))
experiment 4: subject 021: accuracy = 0.6111  (left fist vs right fist (pooled))
experiment 4: subject 022: accuracy = 0.6000  (left fist vs right fist (pooled))
experiment 4: subject 023: accuracy = 0.5444  (left fist vs right fist (pooled))
experiment 4: subject 024: accuracy = 0.6556  (left fist vs right fist (pooled))
experiment 4: subject 025: accuracy = 0.5556  (left fist vs right fist (pooled))
experiment 4: subject 026: accuracy = 0.7889  (left fist vs right fist (pooled))
experiment 4: subject 027: accuracy = 0.4000  (left fist vs right fist (pooled))
experiment 4: subject 028: accuracy = 0.4889  (left fist vs right fist (pooled))
experiment 4: subject 029: accuracy = 0.8333  (left fist vs right fist (pooled))
experiment 4: subject 030: accuracy = 0.4778  (left fist vs right fist (pooled))
experiment 4: subject 031: accuracy = 0.7000  (left fist vs right fist (pooled))
experiment 4: subject 032: accuracy = 0.6889  (left fist vs right fist (pooled))
experiment 4: subject 033: accuracy = 0.6778  (left fist vs right fist (pooled))
experiment 4: subject 034: accuracy = 0.7222  (left fist vs right fist (pooled))
experiment 4: subject 035: accuracy = 0.7333  (left fist vs right fist (pooled))
experiment 4: subject 036: accuracy = 0.6111  (left fist vs right fist (pooled))
experiment 4: subject 037: accuracy = 0.5667  (left fist vs right fist (pooled))
experiment 4: subject 038: accuracy = 0.4222  (left fist vs right fist (pooled))
experiment 4: subject 039: accuracy = 0.4444  (left fist vs right fist (pooled))
experiment 4: subject 040: accuracy = 0.5556  (left fist vs right fist (pooled))
experiment 4: subject 041: accuracy = 0.4333  (left fist vs right fist (pooled))
experiment 4: subject 042: accuracy = 0.9111  (left fist vs right fist (pooled))
experiment 4: subject 043: accuracy = 0.6222  (left fist vs right fist (pooled))
experiment 4: subject 044: accuracy = 0.5889  (left fist vs right fist (pooled))
experiment 4: subject 045: accuracy = 0.6222  (left fist vs right fist (pooled))
experiment 4: subject 046: accuracy = 0.6889  (left fist vs right fist (pooled))
experiment 4: subject 047: accuracy = 0.4667  (left fist vs right fist (pooled))
experiment 4: subject 048: accuracy = 0.7778  (left fist vs right fist (pooled))
experiment 4: subject 049: accuracy = 0.8111  (left fist vs right fist (pooled))
experiment 4: subject 050: accuracy = 0.5556  (left fist vs right fist (pooled))
experiment 4: subject 051: accuracy = 0.5444  (left fist vs right fist (pooled))
experiment 4: subject 052: accuracy = 0.6556  (left fist vs right fist (pooled))
experiment 4: subject 053: accuracy = 0.7222  (left fist vs right fist (pooled))
experiment 4: subject 054: accuracy = 0.8333  (left fist vs right fist (pooled))
experiment 4: subject 055: accuracy = 0.5889  (left fist vs right fist (pooled))
experiment 4: subject 056: accuracy = 0.8444  (left fist vs right fist (pooled))
experiment 4: subject 057: accuracy = 0.5778  (left fist vs right fist (pooled))
experiment 4: subject 058: accuracy = 0.4778  (left fist vs right fist (pooled))
experiment 4: subject 059: accuracy = 0.4889  (left fist vs right fist (pooled))
experiment 4: subject 060: accuracy = 0.5333  (left fist vs right fist (pooled))
experiment 4: subject 061: accuracy = 0.5889  (left fist vs right fist (pooled))
experiment 4: subject 062: accuracy = 0.5556  (left fist vs right fist (pooled))
experiment 4: subject 063: accuracy = 0.4667  (left fist vs right fist (pooled))
experiment 4: subject 064: accuracy = 0.5333  (left fist vs right fist (pooled))
experiment 4: subject 065: accuracy = 0.4556  (left fist vs right fist (pooled))
experiment 4: subject 066: accuracy = 0.6444  (left fist vs right fist (pooled))
experiment 4: subject 067: accuracy = 0.5111  (left fist vs right fist (pooled))
experiment 4: subject 068: accuracy = 0.4333  (left fist vs right fist (pooled))
experiment 4: subject 069: accuracy = 0.5444  (left fist vs right fist (pooled))
experiment 4: subject 070: accuracy = 0.6556  (left fist vs right fist (pooled))
experiment 4: subject 071: accuracy = 0.5556  (left fist vs right fist (pooled))
experiment 4: subject 072: accuracy = 0.5556  (left fist vs right fist (pooled))
experiment 4: subject 073: accuracy = 0.5222  (left fist vs right fist (pooled))
experiment 4: subject 074: accuracy = 0.4889  (left fist vs right fist (pooled))
experiment 4: subject 075: accuracy = 0.4333  (left fist vs right fist (pooled))
experiment 4: subject 076: accuracy = 0.5556  (left fist vs right fist (pooled))
experiment 4: subject 077: accuracy = 0.5333  (left fist vs right fist (pooled))
experiment 4: subject 078: accuracy = 0.4556  (left fist vs right fist (pooled))
experiment 4: subject 079: accuracy = 0.5444  (left fist vs right fist (pooled))
experiment 4: subject 080: accuracy = 0.4556  (left fist vs right fist (pooled))
experiment 4: subject 081: accuracy = 0.4222  (left fist vs right fist (pooled))
experiment 4: subject 082: accuracy = 0.5889  (left fist vs right fist (pooled))
experiment 4: subject 083: accuracy = 0.5000  (left fist vs right fist (pooled))
experiment 4: subject 084: accuracy = 0.5222  (left fist vs right fist (pooled))
experiment 4: subject 085: accuracy = 0.7556  (left fist vs right fist (pooled))
experiment 4: subject 086: accuracy = 0.4778  (left fist vs right fist (pooled))
experiment 4: subject 087: accuracy = 0.4889  (left fist vs right fist (pooled))
experiment 4: subject 088: accuracy = 0.4435  (left fist vs right fist (pooled))
experiment 4: subject 089: accuracy = 0.6300  (left fist vs right fist (pooled))
experiment 4: subject 090: accuracy = 0.4889  (left fist vs right fist (pooled))
experiment 4: subject 091: accuracy = 0.6667  (left fist vs right fist (pooled))
experiment 4: subject 092: accuracy = 0.5826  (left fist vs right fist (pooled))
experiment 4: subject 093: accuracy = 0.6778  (left fist vs right fist (pooled))
experiment 4: subject 094: accuracy = 0.7000  (left fist vs right fist (pooled))
experiment 4: subject 095: accuracy = 0.4444  (left fist vs right fist (pooled))
experiment 4: subject 096: accuracy = 0.5556  (left fist vs right fist (pooled))
experiment 4: subject 097: accuracy = 0.6000  (left fist vs right fist (pooled))
experiment 4: subject 098: accuracy = 0.5667  (left fist vs right fist (pooled))
experiment 4: subject 099: accuracy = 0.5111  (left fist vs right fist (pooled))
experiment 4: subject 100: accuracy = 0.5467  (left fist vs right fist (pooled))
experiment 4: subject 101: accuracy = 0.5667  (left fist vs right fist (pooled))
experiment 4: subject 102: accuracy = 0.5667  (left fist vs right fist (pooled))
experiment 4: subject 103: accuracy = 0.5000  (left fist vs right fist (pooled))
experiment 4: subject 104: accuracy = 0.6444  (left fist vs right fist (pooled))
experiment 4: subject 105: accuracy = 0.6111  (left fist vs right fist (pooled))
experiment 4: subject 106: accuracy = 0.5889  (left fist vs right fist (pooled))
experiment 4: subject 107: accuracy = 0.4556  (left fist vs right fist (pooled))
experiment 4: subject 108: accuracy = 0.7333  (left fist vs right fist (pooled))
experiment 4: subject 109: accuracy = 0.5556  (left fist vs right fist (pooled))
experiment 5: subject 001: accuracy = 0.9556  (both fists vs both feet (pooled))
experiment 5: subject 002: accuracy = 0.8222  (both fists vs both feet (pooled))
experiment 5: subject 003: accuracy = 0.4778  (both fists vs both feet (pooled))
experiment 5: subject 004: accuracy = 0.8333  (both fists vs both feet (pooled))
experiment 5: subject 005: accuracy = 0.6333  (both fists vs both feet (pooled))
experiment 5: subject 006: accuracy = 0.6556  (both fists vs both feet (pooled))
experiment 5: subject 007: accuracy = 0.9444  (both fists vs both feet (pooled))
experiment 5: subject 008: accuracy = 0.5889  (both fists vs both feet (pooled))
experiment 5: subject 009: accuracy = 0.5333  (both fists vs both feet (pooled))
experiment 5: subject 010: accuracy = 0.8000  (both fists vs both feet (pooled))
experiment 5: subject 011: accuracy = 0.6444  (both fists vs both feet (pooled))
experiment 5: subject 012: accuracy = 0.8111  (both fists vs both feet (pooled))
experiment 5: subject 013: accuracy = 0.6222  (both fists vs both feet (pooled))
experiment 5: subject 014: accuracy = 0.7333  (both fists vs both feet (pooled))
experiment 5: subject 015: accuracy = 0.9556  (both fists vs both feet (pooled))
experiment 5: subject 016: accuracy = 0.7222  (both fists vs both feet (pooled))
experiment 5: subject 017: accuracy = 0.6222  (both fists vs both feet (pooled))
experiment 5: subject 018: accuracy = 0.6111  (both fists vs both feet (pooled))
experiment 5: subject 019: accuracy = 0.6333  (both fists vs both feet (pooled))
experiment 5: subject 020: accuracy = 0.5444  (both fists vs both feet (pooled))
experiment 5: subject 021: accuracy = 0.6556  (both fists vs both feet (pooled))
experiment 5: subject 022: accuracy = 0.6667  (both fists vs both feet (pooled))
experiment 5: subject 023: accuracy = 0.6111  (both fists vs both feet (pooled))
experiment 5: subject 024: accuracy = 0.8667  (both fists vs both feet (pooled))
experiment 5: subject 025: accuracy = 0.9000  (both fists vs both feet (pooled))
experiment 5: subject 026: accuracy = 0.6667  (both fists vs both feet (pooled))
experiment 5: subject 027: accuracy = 0.5667  (both fists vs both feet (pooled))
experiment 5: subject 028: accuracy = 0.7000  (both fists vs both feet (pooled))
experiment 5: subject 029: accuracy = 0.9778  (both fists vs both feet (pooled))
experiment 5: subject 030: accuracy = 0.7222  (both fists vs both feet (pooled))
experiment 5: subject 031: accuracy = 0.7778  (both fists vs both feet (pooled))
experiment 5: subject 032: accuracy = 0.6444  (both fists vs both feet (pooled))
experiment 5: subject 033: accuracy = 0.4889  (both fists vs both feet (pooled))
experiment 5: subject 034: accuracy = 0.9111  (both fists vs both feet (pooled))
experiment 5: subject 035: accuracy = 0.9889  (both fists vs both feet (pooled))
experiment 5: subject 036: accuracy = 0.8222  (both fists vs both feet (pooled))
experiment 5: subject 037: accuracy = 0.5333  (both fists vs both feet (pooled))
experiment 5: subject 038: accuracy = 0.5556  (both fists vs both feet (pooled))
experiment 5: subject 039: accuracy = 0.4222  (both fists vs both feet (pooled))
experiment 5: subject 040: accuracy = 0.3889  (both fists vs both feet (pooled))
experiment 5: subject 041: accuracy = 0.7222  (both fists vs both feet (pooled))
experiment 5: subject 042: accuracy = 0.9444  (both fists vs both feet (pooled))
experiment 5: subject 043: accuracy = 0.5333  (both fists vs both feet (pooled))
experiment 5: subject 044: accuracy = 0.7000  (both fists vs both feet (pooled))
experiment 5: subject 045: accuracy = 0.5444  (both fists vs both feet (pooled))
experiment 5: subject 046: accuracy = 0.8333  (both fists vs both feet (pooled))
experiment 5: subject 047: accuracy = 0.5778  (both fists vs both feet (pooled))
experiment 5: subject 048: accuracy = 0.8444  (both fists vs both feet (pooled))
experiment 5: subject 049: accuracy = 0.6333  (both fists vs both feet (pooled))
experiment 5: subject 050: accuracy = 0.6667  (both fists vs both feet (pooled))
experiment 5: subject 051: accuracy = 0.6556  (both fists vs both feet (pooled))
experiment 5: subject 052: accuracy = 0.8333  (both fists vs both feet (pooled))
experiment 5: subject 053: accuracy = 0.6000  (both fists vs both feet (pooled))
experiment 5: subject 054: accuracy = 0.7556  (both fists vs both feet (pooled))
experiment 5: subject 055: accuracy = 0.9556  (both fists vs both feet (pooled))
experiment 5: subject 056: accuracy = 0.8000  (both fists vs both feet (pooled))
experiment 5: subject 057: accuracy = 0.6667  (both fists vs both feet (pooled))
experiment 5: subject 058: accuracy = 0.7778  (both fists vs both feet (pooled))
experiment 5: subject 059: accuracy = 0.6889  (both fists vs both feet (pooled))
experiment 5: subject 060: accuracy = 0.8667  (both fists vs both feet (pooled))
experiment 5: subject 061: accuracy = 0.6000  (both fists vs both feet (pooled))
experiment 5: subject 062: accuracy = 0.9111  (both fists vs both feet (pooled))
experiment 5: subject 063: accuracy = 0.4889  (both fists vs both feet (pooled))
experiment 5: subject 064: accuracy = 0.4889  (both fists vs both feet (pooled))
experiment 5: subject 065: accuracy = 0.6333  (both fists vs both feet (pooled))
experiment 5: subject 066: accuracy = 0.6556  (both fists vs both feet (pooled))
experiment 5: subject 067: accuracy = 0.5222  (both fists vs both feet (pooled))
experiment 5: subject 068: accuracy = 0.6556  (both fists vs both feet (pooled))
experiment 5: subject 069: accuracy = 0.7333  (both fists vs both feet (pooled))
experiment 5: subject 070: accuracy = 0.8778  (both fists vs both feet (pooled))
experiment 5: subject 071: accuracy = 0.9333  (both fists vs both feet (pooled))
experiment 5: subject 072: accuracy = 0.9667  (both fists vs both feet (pooled))
experiment 5: subject 073: accuracy = 0.7778  (both fists vs both feet (pooled))
experiment 5: subject 074: accuracy = 0.4222  (both fists vs both feet (pooled))
experiment 5: subject 075: accuracy = 0.7111  (both fists vs both feet (pooled))
experiment 5: subject 076: accuracy = 0.5444  (both fists vs both feet (pooled))
experiment 5: subject 077: accuracy = 0.6667  (both fists vs both feet (pooled))
experiment 5: subject 078: accuracy = 0.5000  (both fists vs both feet (pooled))
experiment 5: subject 079: accuracy = 0.7556  (both fists vs both feet (pooled))
experiment 5: subject 080: accuracy = 0.7556  (both fists vs both feet (pooled))
experiment 5: subject 081: accuracy = 0.4667  (both fists vs both feet (pooled))
experiment 5: subject 082: accuracy = 0.6444  (both fists vs both feet (pooled))
experiment 5: subject 083: accuracy = 0.8889  (both fists vs both feet (pooled))
experiment 5: subject 084: accuracy = 0.5222  (both fists vs both feet (pooled))
experiment 5: subject 085: accuracy = 0.9556  (both fists vs both feet (pooled))
experiment 5: subject 086: accuracy = 0.7778  (both fists vs both feet (pooled))
experiment 5: subject 087: accuracy = 0.6333  (both fists vs both feet (pooled))
experiment 5: subject 088: accuracy = 0.4957  (both fists vs both feet (pooled))
experiment 5: subject 089: accuracy = 0.5333  (both fists vs both feet (pooled))
experiment 5: subject 090: accuracy = 0.4222  (both fists vs both feet (pooled))
experiment 5: subject 091: accuracy = 0.8000  (both fists vs both feet (pooled))
experiment 5: subject 092: accuracy = 0.5913  (both fists vs both feet (pooled))
experiment 5: subject 093: accuracy = 0.9111  (both fists vs both feet (pooled))
experiment 5: subject 094: accuracy = 0.8333  (both fists vs both feet (pooled))
experiment 5: subject 095: accuracy = 0.6667  (both fists vs both feet (pooled))
experiment 5: subject 096: accuracy = 0.4556  (both fists vs both feet (pooled))
experiment 5: subject 097: accuracy = 0.4778  (both fists vs both feet (pooled))
experiment 5: subject 098: accuracy = 0.6778  (both fists vs both feet (pooled))
experiment 5: subject 099: accuracy = 0.5444  (both fists vs both feet (pooled))
experiment 5: subject 100: accuracy = 0.7600  (both fists vs both feet (pooled))
experiment 5: subject 101: accuracy = 0.4444  (both fists vs both feet (pooled))
experiment 5: subject 102: accuracy = 0.7222  (both fists vs both feet (pooled))
experiment 5: subject 103: accuracy = 0.7667  (both fists vs both feet (pooled))
experiment 5: subject 104: accuracy = 0.7333  (both fists vs both feet (pooled))
experiment 5: subject 105: accuracy = 0.6444  (both fists vs both feet (pooled))
experiment 5: subject 106: accuracy = 0.5000  (both fists vs both feet (pooled))
experiment 5: subject 107: accuracy = 0.5778  (both fists vs both feet (pooled))
experiment 5: subject 108: accuracy = 0.6556  (both fists vs both feet (pooled))
experiment 5: subject 109: accuracy = 0.7222  (both fists vs both feet (pooled))

Mean accuracy of the six different experiments:
experiment 0:      accuracy = 0.5794  (n=109, left fist vs right fist (executed))
experiment 1:      accuracy = 0.5729  (n=109, left fist vs right fist (imagined))
experiment 2:      accuracy = 0.7363  (n=109, both fists vs both feet (executed))
experiment 3:      accuracy = 0.6425  (n=109, both fists vs both feet (imagined))
experiment 4:      accuracy = 0.5816  (n=109, left fist vs right fist (pooled))
experiment 5:      accuracy = 0.6884  (n=109, both fists vs both feet (pooled))

Mean accuracy of 6 experiments: 0.6335
